2026-05-21 15:58:33,265 - INFO - DVDS数据清洗器初始化完成
2026-05-21 15:58:33,267 - INFO - 源数据目录: F:\data_IGBT\ASEData\DVDS
2026-05-21 15:58:33,267 - INFO - 输出目录: F:\data_IGBT\output
2026-05-21 15:58:33,269 - INFO - 数据保存成功: F:\data_IGBT\output\FA61-3788_DVDS_20260521_155833.xlsx
2026-05-21 15:58:33,269 - INFO - 保存了 2 行数据
2026-05-21 15:58:48,265 - INFO - DVDS数据清洗器初始化完成
2026-05-21 15:58:48,265 - INFO - 源数据目录: F:\data_IGBT\ASEData\DVDS
2026-05-21 15:58:48,265 - INFO - 输出目录: F:\data_IGBT\output
2026-05-21 15:58:48,265 - INFO - === Phase 1: 扫描DVDS文件 ===
2026-05-21 15:58:48,265 - INFO - 找到有效文件: NCT5450009_NCEAP40PT15D(M)-2B00_FA4Z-2484_20241222_162325.xlsx
2026-05-21 15:58:48,275 - INFO - 找到有效文件: NCT5450010_NCEAP40PT15D(M)-2B00_FA4Z-2484_20241222_113755.xlsx
2026-05-21 15:58:48,275 - INFO - 共找到 2 个有效的xlsx文件
2026-05-21 15:58:48,275 - INFO - === Phase 2: 提取DVDS数据 ===
2026-05-21 15:58:48,275 - INFO - 开始提取DVDS数据: NCT5450009_NCEAP40PT15D(M)-2B00_FA4Z-2484_20241222_162325.xlsx
2026-05-21 15:58:48,487 - INFO - 快速读取Excel: NCT5450009_NCEAP40PT15D(M)-2B00_FA4Z-2484_20241222_162325.xlsx (6341行x51列) 耗时: 0.211秒
2026-05-21 15:58:48,487 - INFO - 文件形状: (6341, 51)
2026-05-21 15:58:48,487 - INFO - 找到DVDS列在第13列
2026-05-21 15:58:48,487 - INFO - DVDS单位: mV
2026-05-21 15:58:48,572 - INFO - 成功提取 6319 个DVDS数据点
2026-05-21 15:58:48,573 - INFO - 成功创建DataFrame: (6319, 2)
2026-05-21 15:58:48,574 - INFO - 开始提取DVDS数据: NCT5450010_NCEAP40PT15D(M)-2B00_FA4Z-2484_20241222_113755.xlsx
2026-05-21 15:58:48,796 - INFO - 快速读取Excel: NCT5450010_NCEAP40PT15D(M)-2B00_FA4Z-2484_20241222_113755.xlsx (6417行x51列) 耗时: 0.221秒
2026-05-21 15:58:48,796 - INFO - 文件形状: (6417, 51)
2026-05-21 15:58:48,797 - INFO - 找到DVDS列在第13列
2026-05-21 15:58:48,797 - INFO - DVDS单位: mV
2026-05-21 15:58:48,881 - INFO - 成功提取 6395 个DVDS数据点
2026-05-21 15:58:48,882 - INFO - 成功创建DataFrame: (6395, 2)
2026-05-21 15:58:48,883 - INFO - === Phase 3: 合并和清洗数据 ===
2026-05-21 15:58:48,883 - INFO - 开始合并 2 个DataFrame
2026-05-21 15:58:48,884 - INFO - 数据合并完成，总共 12714 行数据
2026-05-21 15:58:48,885 - INFO - 开始数据清洗，原始数据: (12714, 3)
2026-05-21 15:58:48,885 - INFO - 删除空值后: (12714, 3)
2026-05-21 15:58:48,886 - INFO - 清洗DVDS(mV)列后: (12714, 3)
2026-05-21 15:58:48,886 - INFO - 数据清洗完成，最终数据: (12714, 3)
2026-05-21 15:58:48,886 - INFO - === Phase 4: 保存结果 ===
2026-05-21 15:58:49,368 - INFO - 快速写入Excel: FA4Z-2484_DVDS_20260521_155848.xlsx (12714行x3列) 耗时: 0.483秒
2026-05-21 15:58:49,368 - INFO - 数据保存成功: F:\data_IGBT\output\FA4Z-2484_DVDS_20260521_155848.xlsx
2026-05-21 15:58:49,369 - INFO - 保存了 12714 行数据
2026-05-21 15:58:49,369 - INFO - === 处理完成 ===
2026-05-21 15:58:49,369 - INFO - 成功处理 2 个文件
2026-05-21 15:58:49,369 - INFO - 输出文件: F:\data_IGBT\output\FA4Z-2484_DVDS_20260521_155848.xlsx
2026-05-21 15:59:44,414 - INFO - DVDS数据清洗器初始化完成
2026-05-21 15:59:44,414 - INFO - 源数据目录: F:\data_IGBT\ASEData\DVDS
2026-05-21 15:59:44,414 - INFO - 输出目录: F:\data_IGBT\output
2026-05-21 15:59:44,414 - INFO - === Phase 1: 扫描DVDS文件 ===
2026-05-21 15:59:44,414 - INFO - 找到有效文件: NCT5450009_NCEAP40PT15D(M)-2B00_FA4Z-2484_20241222_162325.xlsx
2026-05-21 15:59:44,415 - INFO - 找到有效文件: NCT5450010_NCEAP40PT15D(M)-2B00_FA4Z-2484_20241222_113755.xlsx
2026-05-21 15:59:44,415 - INFO - 共找到 2 个有效的xlsx文件
2026-05-21 15:59:44,415 - INFO - === Phase 2: 提取DVDS数据 ===
2026-05-21 15:59:44,415 - INFO - 开始提取DVDS数据: NCT5450009_NCEAP40PT15D(M)-2B00_FA4Z-2484_20241222_162325.xlsx
2026-05-21 15:59:44,692 - INFO - 快速读取Excel: NCT5450009_NCEAP40PT15D(M)-2B00_FA4Z-2484_20241222_162325.xlsx (6341行x51列) 耗时: 0.277秒
2026-05-21 15:59:44,692 - INFO - 文件形状: (6341, 51)
2026-05-21 15:59:44,693 - INFO - 找到DVDS列在第13列
2026-05-21 15:59:44,694 - INFO - DVDS单位: mV
2026-05-21 15:59:44,799 - INFO - 成功提取 6319 个DVDS数据点
2026-05-21 15:59:44,802 - INFO - 成功创建DataFrame: (6319, 2)
2026-05-21 15:59:44,803 - INFO - 开始提取DVDS数据: NCT5450010_NCEAP40PT15D(M)-2B00_FA4Z-2484_20241222_113755.xlsx
2026-05-21 15:59:45,051 - INFO - 快速读取Excel: NCT5450010_NCEAP40PT15D(M)-2B00_FA4Z-2484_20241222_113755.xlsx (6417行x51列) 耗时: 0.248秒
2026-05-21 15:59:45,053 - INFO - 文件形状: (6417, 51)
2026-05-21 15:59:45,053 - INFO - 找到DVDS列在第13列
2026-05-21 15:59:45,053 - INFO - DVDS单位: mV
2026-05-21 15:59:45,147 - INFO - 成功提取 6395 个DVDS数据点
2026-05-21 15:59:45,149 - INFO - 成功创建DataFrame: (6395, 2)
2026-05-21 15:59:45,150 - INFO - === Phase 3: 合并和清洗数据 ===
2026-05-21 15:59:45,150 - INFO - 开始合并 2 个DataFrame
2026-05-21 15:59:45,152 - INFO - 数据合并完成，总共 12714 行数据
2026-05-21 15:59:45,153 - INFO - 开始数据清洗，原始数据: (12714, 3)
2026-05-21 15:59:45,154 - INFO - 删除空值后: (12714, 3)
2026-05-21 15:59:45,155 - INFO - 清洗DVDS(mV)列后: (12714, 3)
2026-05-21 15:59:45,156 - INFO - 数据清洗完成，最终数据: (12714, 3)
2026-05-21 15:59:45,156 - INFO - === Phase 4: 保存结果 ===
2026-05-21 15:59:45,722 - INFO - 快速写入Excel: FA4Z-2484_DVDS_20260521_155945.xlsx (12714行x3列) 耗时: 0.566秒
2026-05-21 15:59:45,722 - INFO - 数据保存成功: F:\data_IGBT\output\FA4Z-2484_DVDS_20260521_155945.xlsx
2026-05-21 15:59:45,722 - INFO - 保存了 12714 行数据
2026-05-21 15:59:45,723 - INFO - === 处理完成 ===
2026-05-21 15:59:45,723 - INFO - 成功处理 2 个文件
2026-05-21 15:59:45,723 - INFO - 输出文件: F:\data_IGBT\output\FA4Z-2484_DVDS_20260521_155945.xlsx
